> MODEL PARAMETERS:
>> TOTAL NODES: 4
>> LOOKAHEAD: 0.1
>> CHOICE: 2
>> TOTAL SIMS:  4
>> END TIME:  200.0
>> TOTAL SPMD PROCESSES: 1
