> MODEL PARAMETERS:
>> TOTAL NODES: 160000
>> LOOKAHEAD: 0.1
>> CHOICE: 2
>> TOTAL SIMS:  160000
>> END TIME:  200.0
>> TOTAL SPMD PROCESSES: 1
