> MODEL PARAMETERS:
>> TOTAL NODES: 62500
>> END TIME:  200.0
>> TOTAL SPMD PROCESSES: 1
>> MSGs SENDED: 11056830
>> MSGs RECEIVED: 11056674
>> cancelled events: 896011
>> executed events: 11941800
>> execution time: 1004.9008736610413
