Simian JIT PDES Engine (1.65)
(c) Copyright 2015-. Triad National Security, LLC. All rights reserved. Released under BSD 3-clause license.
Author: Nandakishore Santhi (with other contributors as acknowledged in source code)

===================================================
------------SIMIAN-PIE JIT PDES ENGINE-------------
------------       VERSION: 1.65      -------------
===================================================
MPI: OFF
===================================================

SIMULATION COMPLETED IN: 142.72825981955975 SECONDS
SIMULATED EVENTS: 13330814
EVENTS PER SECOND: 93399.96169541415
===================================================
