Simian JIT PDES Engine (1.65)
(c) Copyright 2015-. Triad National Security, LLC. All rights reserved. Released under BSD 3-clause license.
Author: Nandakishore Santhi (with other contributors as acknowledged in source code)

===================================================
------------SIMIAN-PIE JIT PDES ENGINE-------------
------------       VERSION: 1.65      -------------
===================================================
MPI: ON
===================================================

SIMULATION COMPLETED IN: 139.8467267593369 SECONDS
SIMULATED EVENTS: 13330814
EVENTS PER SECOND: 95324.46206582355
===================================================
