Simian JIT PDES Engine (1.65)
(c) Copyright 2015-. Triad National Security, LLC. All rights reserved. Released under BSD 3-clause license.
Author: Nandakishore Santhi (with other contributors as acknowledged in source code)

===================================================
------------SIMIAN-PIE JIT PDES ENGINE-------------
------------       VERSION: 1.65      -------------
===================================================
MPI: ON
===================================================

SIMULATION COMPLETED IN: 20.972099657170475 SECONDS
SIMULATED EVENTS: 2421311
EVENTS PER SECOND: 115453.91446641064
===================================================
